// Vitest Snapshot v1, https://vitest.dev/guide/snapshot.html

exports[`Deep merge with overlaps 1`] = `
{
  "accounts": {
    "github": "unknown",
    "twitter": "murilex",
  },
  "languages": [
    "javascript",
    "typescript",
    "vue",
    "react",
  ],
  "name": "Murilo Dutra",
}
`;
